// Jest Snapshot v1, https://goo.gl/fbAQLP

exports[`button component tests should match snapshot 1`] = `
<button
  class="button"
>
  Load more
</button>
`;
